2024-05-02 19:32:26.409 [background-preinit] [34mINFO [0;39m [35m[traceId=][0;39m o.h.validator.internal.util.Version.<clinit> - HV000001: Hibernate Validator 8.0.1.Final
2024-05-02 19:32:26.492 [main] [34mINFO [0;39m [35m[traceId=][0;39m m.t.my_service.UserModuleApplication.logStarting - Starting UserModuleApplication using Java 17.0.6 with PID 936 (C:\Users\minoa\IdeaProjects\my_service\user_module\out\production\classes started by minoa in C:\Users\minoa\IdeaProjects\my_service)
2024-05-02 19:32:26.493 [main] [39mDEBUG[0;39m [35m[traceId=][0;39m m.t.my_service.UserModuleApplication.logStarting - Running with Spring Boot v3.1.5, Spring v6.0.13
2024-05-02 19:32:26.495 [main] [34mINFO [0;39m [35m[traceId=][0;39m m.t.my_service.UserModuleApplication.logStartupProfileInfo - The following 2 profiles are active: "core", "local"
2024-05-02 19:32:28.033 [main] [34mINFO [0;39m [35m[traceId=][0;39m o.s.d.r.c.RepositoryConfigurationDelegate.multipleStoresDetected - Multiple Spring Data modules found, entering strict repository configuration mode
2024-05-02 19:32:28.038 [main] [34mINFO [0;39m [35m[traceId=][0;39m o.s.d.r.c.RepositoryConfigurationDelegate.registerRepositoriesIn - Bootstrapping Spring Data JPA repositories in DEFAULT mode.
2024-05-02 19:32:28.352 [main] [34mINFO [0;39m [35m[traceId=][0;39m o.s.d.r.c.RepositoryConfigurationExtensionSupport.isStrictRepositoryCandidate - Spring Data JPA - Could not safely identify store assignment for repository candidate interface ms.toy.my_service.repository.TokenRepository; If you want this repository to be a JPA repository, consider annotating your entities with one of these annotations: jakarta.persistence.Entity, jakarta.persistence.MappedSuperclass (preferred), or consider extending one of the following types with your repository: org.springframework.data.jpa.repository.JpaRepository
2024-05-02 19:32:28.391 [main] [34mINFO [0;39m [35m[traceId=][0;39m o.s.d.r.c.RepositoryConfigurationDelegate.registerRepositoriesIn - Finished Spring Data repository scanning in 340 ms. Found 5 JPA repository interfaces.
2024-05-02 19:32:28.418 [main] [34mINFO [0;39m [35m[traceId=][0;39m o.s.d.r.c.RepositoryConfigurationDelegate.multipleStoresDetected - Multiple Spring Data modules found, entering strict repository configuration mode
2024-05-02 19:32:28.420 [main] [34mINFO [0;39m [35m[traceId=][0;39m o.s.d.r.c.RepositoryConfigurationDelegate.registerRepositoriesIn - Bootstrapping Spring Data Redis repositories in DEFAULT mode.
2024-05-02 19:32:28.437 [main] [34mINFO [0;39m [35m[traceId=][0;39m o.s.d.r.c.RepositoryConfigurationExtensionSupport.isStrictRepositoryCandidate - Spring Data Redis - Could not safely identify store assignment for repository candidate interface ms.toy.my_service.repository.AdminRepository; If you want this repository to be a Redis repository, consider annotating your entities with one of these annotations: org.springframework.data.redis.core.RedisHash (preferred), or consider extending one of the following types with your repository: org.springframework.data.keyvalue.repository.KeyValueRepository
2024-05-02 19:32:28.438 [main] [34mINFO [0;39m [35m[traceId=][0;39m o.s.d.r.c.RepositoryConfigurationExtensionSupport.isStrictRepositoryCandidate - Spring Data Redis - Could not safely identify store assignment for repository candidate interface ms.toy.my_service.repository.AuthorityRepository; If you want this repository to be a Redis repository, consider annotating your entities with one of these annotations: org.springframework.data.redis.core.RedisHash (preferred), or consider extending one of the following types with your repository: org.springframework.data.keyvalue.repository.KeyValueRepository
2024-05-02 19:32:28.438 [main] [34mINFO [0;39m [35m[traceId=][0;39m o.s.d.r.c.RepositoryConfigurationExtensionSupport.isStrictRepositoryCandidate - Spring Data Redis - Could not safely identify store assignment for repository candidate interface ms.toy.my_service.repository.ReservationRepository; If you want this repository to be a Redis repository, consider annotating your entities with one of these annotations: org.springframework.data.redis.core.RedisHash (preferred), or consider extending one of the following types with your repository: org.springframework.data.keyvalue.repository.KeyValueRepository
2024-05-02 19:32:28.439 [main] [34mINFO [0;39m [35m[traceId=][0;39m o.s.d.r.c.RepositoryConfigurationExtensionSupport.isStrictRepositoryCandidate - Spring Data Redis - Could not safely identify store assignment for repository candidate interface ms.toy.my_service.repository.SpaceRepository; If you want this repository to be a Redis repository, consider annotating your entities with one of these annotations: org.springframework.data.redis.core.RedisHash (preferred), or consider extending one of the following types with your repository: org.springframework.data.keyvalue.repository.KeyValueRepository
2024-05-02 19:32:28.440 [main] [34mINFO [0;39m [35m[traceId=][0;39m o.s.d.r.c.RepositoryConfigurationExtensionSupport.isStrictRepositoryCandidate - Spring Data Redis - Could not safely identify store assignment for repository candidate interface ms.toy.my_service.repository.UserRepository; If you want this repository to be a Redis repository, consider annotating your entities with one of these annotations: org.springframework.data.redis.core.RedisHash (preferred), or consider extending one of the following types with your repository: org.springframework.data.keyvalue.repository.KeyValueRepository
2024-05-02 19:32:28.445 [main] [34mINFO [0;39m [35m[traceId=][0;39m o.s.d.r.c.RepositoryConfigurationDelegate.registerRepositoriesIn - Finished Spring Data repository scanning in 14 ms. Found 1 Redis repository interfaces.
2024-05-02 19:32:29.655 [main] [34mINFO [0;39m [35m[traceId=][0;39m o.s.b.w.e.tomcat.TomcatWebServer.initialize - Tomcat initialized with port(s): 8180 (http)
2024-05-02 19:32:29.675 [main] [34mINFO [0;39m [35m[traceId=][0;39m o.a.coyote.http11.Http11NioProtocol.log - Initializing ProtocolHandler ["http-nio-8180"]
2024-05-02 19:32:29.679 [main] [34mINFO [0;39m [35m[traceId=][0;39m o.a.catalina.core.StandardService.log - Starting service [Tomcat]
2024-05-02 19:32:29.680 [main] [34mINFO [0;39m [35m[traceId=][0;39m o.a.catalina.core.StandardEngine.log - Starting Servlet engine: [Apache Tomcat/10.1.15]
2024-05-02 19:32:29.892 [main] [34mINFO [0;39m [35m[traceId=][0;39m o.a.c.c.C.[Tomcat].[localhost].[/].log - Initializing Spring embedded WebApplicationContext
2024-05-02 19:32:29.893 [main] [34mINFO [0;39m [35m[traceId=][0;39m o.s.b.w.s.c.ServletWebServerApplicationContext.prepareWebApplicationContext - Root WebApplicationContext: initialization completed in 3333 ms
2024-05-02 19:32:30.123 [main] [39mDEBUG[0;39m [35m[traceId=][0;39m m.t.my_service.filter.LoggingFilter.init - Filter 'loggingFilter' configured for use
2024-05-02 19:32:30.426 [main] [34mINFO [0;39m [35m[traceId=][0;39m o.h.jpa.internal.util.LogHelper.logPersistenceUnitInformation - HHH000204: Processing PersistenceUnitInfo [name: default]
2024-05-02 19:32:30.622 [main] [34mINFO [0;39m [35m[traceId=][0;39m org.hibernate.Version.logVersion - HHH000412: Hibernate ORM core version 6.2.13.Final
2024-05-02 19:32:30.630 [main] [34mINFO [0;39m [35m[traceId=][0;39m org.hibernate.cfg.Environment.<clinit> - HHH000406: Using bytecode reflection optimizer
2024-05-02 19:32:31.199 [main] [34mINFO [0;39m [35m[traceId=][0;39m o.s.o.j.p.SpringPersistenceUnitInfo.addTransformer - No LoadTimeWeaver setup: ignoring JPA class transformer
2024-05-02 19:32:31.227 [main] [34mINFO [0;39m [35m[traceId=][0;39m com.zaxxer.hikari.HikariDataSource.getConnection - HikariPool-1 - Starting...
2024-05-02 19:32:31.402 [main] [34mINFO [0;39m [35m[traceId=][0;39m com.zaxxer.hikari.pool.HikariPool.checkFailFast - HikariPool-1 - Added connection com.mysql.cj.jdbc.ConnectionImpl@45cf0c15
2024-05-02 19:32:31.404 [main] [34mINFO [0;39m [35m[traceId=][0;39m com.zaxxer.hikari.HikariDataSource.getConnection - HikariPool-1 - Start completed.
2024-05-02 19:32:31.467 [main] [31mWARN [0;39m [35m[traceId=][0;39m org.hibernate.dialect.Dialect.checkVersion - HHH000511: The 5.5.0 version for [org.hibernate.dialect.MySQLDialect] is no longer supported, hence certain features may not work properly. The minimum supported version is 5.7.0. Check the community dialects project for available legacy versions.
2024-05-02 19:32:32.463 [main] [34mINFO [0;39m [35m[traceId=][0;39m o.h.e.t.j.p.i.JtaPlatformInitiator.initiateService - HHH000489: No JTA platform available (set 'hibernate.transaction.jta.platform' to enable JTA platform integration)
2024-05-02 19:32:32.562 [main] [34mINFO [0;39m [35m[traceId=][0;39m o.s.o.j.LocalContainerEntityManagerFactoryBean.buildNativeEntityManagerFactory - Initialized JPA EntityManagerFactory for persistence unit 'default'
2024-05-02 19:32:33.755 [main] [31mWARN [0;39m [35m[traceId=][0;39m o.s.c.LocalVariableTableParameterNameDiscoverer.inspectClass - Using deprecated '-debug' fallback for parameter name resolution. Compile the affected code with '-parameters' instead or avoid its introspection: ms.toy.my_service.repository.UserRepository
2024-05-02 19:32:34.149 [main] [34mINFO [0;39m [35m[traceId=][0;39m org.redisson.Version.logVersion - Redisson 3.28.0
2024-05-02 19:32:34.202 [main] [31mWARN [0;39m [35m[traceId=][0;39m o.r.c.SequentialDnsAddressResolverFactory.create - DNS TCP fallback on UDP query timeout disabled. Upgrade Netty to 4.1.105 or higher.
2024-05-02 19:32:34.416 [redisson-netty-4-4] [34mINFO [0;39m [35m[traceId=][0;39m o.r.connection.ConnectionsHolder.lambda$initConnections$1 - 1 connections initialized for 172.30.1.14/172.30.1.14:6379
2024-05-02 19:32:34.576 [redisson-netty-4-19] [34mINFO [0;39m [35m[traceId=][0;39m o.r.connection.ConnectionsHolder.lambda$initConnections$1 - 24 connections initialized for 172.30.1.14/172.30.1.14:6379
2024-05-02 19:32:34.767 [main] [34mINFO [0;39m [35m[traceId=][0;39m o.s.d.j.r.query.QueryEnhancerFactory.<clinit> - Hibernate is in classpath; If applicable, HQL parser will be used.
2024-05-02 19:32:35.774 [main] [31mWARN [0;39m [35m[traceId=][0;39m o.s.c.LocalVariableTableParameterNameDiscoverer.inspectClass - Using deprecated '-debug' fallback for parameter name resolution. Compile the affected code with '-parameters' instead or avoid its introspection: ms.toy.my_service.repository.SpaceRepository
2024-05-02 19:32:36.170 [main] [31mWARN [0;39m [35m[traceId=][0;39m o.s.b.a.o.j.JpaBaseConfiguration$JpaWebConfiguration.openEntityManagerInViewInterceptor - spring.jpa.open-in-view is enabled by default. Therefore, database queries may be performed during view rendering. Explicitly configure spring.jpa.open-in-view to disable this warning
2024-05-02 19:32:36.694 [main] [34mINFO [0;39m [35m[traceId=][0;39m o.s.b.a.e.web.EndpointLinksResolver.<init> - Exposing 1 endpoint(s) beneath base path '/actuator'
2024-05-02 19:32:36.786 [main] [34mINFO [0;39m [35m[traceId=][0;39m o.s.s.web.DefaultSecurityFilterChain.<init> - Will secure any request with [org.springframework.security.web.session.DisableEncodeUrlFilter@2d64757a, org.springframework.security.web.context.request.async.WebAsyncManagerIntegrationFilter@4d98763f, org.springframework.security.web.context.SecurityContextHolderFilter@1ea555d, org.springframework.security.web.header.HeaderWriterFilter@4a16ae0b, org.springframework.security.web.authentication.logout.LogoutFilter@af88ccf, ms.toy.my_service.jwt.JwtFilter@3d8777ce, org.springframework.security.web.savedrequest.RequestCacheAwareFilter@12a7999, org.springframework.security.web.servletapi.SecurityContextHolderAwareRequestFilter@6622a1d0, org.springframework.security.web.authentication.AnonymousAuthenticationFilter@35154326, org.springframework.security.web.session.SessionManagementFilter@2ad7ac1a, org.springframework.security.web.access.ExceptionTranslationFilter@69063972, org.springframework.security.web.access.intercept.AuthorizationFilter@62125fb5]
2024-05-02 19:32:36.892 [main] [31mWARN [0;39m [35m[traceId=][0;39m o.s.c.LocalVariableTableParameterNameDiscoverer.inspectClass - Using deprecated '-debug' fallback for parameter name resolution. Compile the affected code with '-parameters' instead or avoid its introspection: ms.toy.my_service.repository.AdminRepository
2024-05-02 19:32:37.718 [main] [34mINFO [0;39m [35m[traceId=][0;39m o.a.coyote.http11.Http11NioProtocol.log - Starting ProtocolHandler ["http-nio-8180"]
2024-05-02 19:32:37.739 [main] [34mINFO [0;39m [35m[traceId=][0;39m o.s.b.w.e.tomcat.TomcatWebServer.start - Tomcat started on port(s): 8180 (http) with context path ''
2024-05-02 19:32:37.750 [main] [34mINFO [0;39m [35m[traceId=][0;39m m.t.my_service.UserModuleApplication.logStarted - Started UserModuleApplication in 11.945 seconds (process running for 12.518)
2024-05-02 19:32:58.564 [http-nio-8180-exec-2] [34mINFO [0;39m [35m[traceId=][0;39m o.a.c.c.C.[Tomcat].[localhost].[/].log - Initializing Spring DispatcherServlet 'dispatcherServlet'
2024-05-02 19:32:58.565 [http-nio-8180-exec-2] [34mINFO [0;39m [35m[traceId=][0;39m o.s.web.servlet.DispatcherServlet.initServletBean - Initializing Servlet 'dispatcherServlet'
2024-05-02 19:32:58.566 [http-nio-8180-exec-2] [34mINFO [0;39m [35m[traceId=][0;39m o.s.web.servlet.DispatcherServlet.initServletBean - Completed initialization in 1 ms
2024-05-02 19:33:28.263 [http-nio-8180-exec-3] [34mINFO [0;39m [35m[traceId=][0;39m ms.toy.my_service.jwt.JwtFilter.doFilterInternal - valid accessToken
2024-05-02 19:33:28.271 [http-nio-8180-exec-3] [34mINFO [0;39m [35m[traceId=3cc9221d-60d1-4548-9b67-30be0d20c902][0;39m m.t.my_service.filter.LoggingFilter.logRequest - Request: POST uri=[/api/v1/users/signup] content-type=[application/json] client-ip=[0:0:0:0:0:0:0:1]
2024-05-02 19:33:28.272 [http-nio-8180-exec-3] [34mINFO [0;39m [35m[traceId=3cc9221d-60d1-4548-9b67-30be0d20c902][0;39m m.t.my_service.filter.LoggingFilter.logPayload - Request Payload: {
    "userId": "4sdff",
    "userName": "sdf45",
    "phoneNumber": "010-1212-4444",
    "password" : "4321"
}
2024-05-02 19:33:28.615 [http-nio-8180-exec-3] [34mINFO [0;39m [35m[traceId=3cc9221d-60d1-4548-9b67-30be0d20c902][0;39m m.t.my_service.filter.LoggingFilter.logPayload - Response Payload: {"result":true,"code":"200","message":"Success","data":{"id":5}}
2024-05-02 19:44:05.943 [http-nio-8180-exec-6] [34mINFO [0;39m [35m[traceId=][0;39m ms.toy.my_service.jwt.JwtFilter.doFilterInternal - valid accessToken
2024-05-02 19:44:05.955 [http-nio-8180-exec-6] [34mINFO [0;39m [35m[traceId=567d8328-bd19-4d0a-bee7-3b90f2941e51][0;39m m.t.my_service.filter.LoggingFilter.logRequest - Request: PUT uri=[/api/v1/users/5] content-type=[application/json] client-ip=[0:0:0:0:0:0:0:1]
2024-05-02 19:44:05.956 [http-nio-8180-exec-6] [34mINFO [0;39m [35m[traceId=567d8328-bd19-4d0a-bee7-3b90f2941e51][0;39m m.t.my_service.filter.LoggingFilter.logPayload - Request Payload: {
    "password": "12345",
    "userName": "sdf45"
}
2024-05-02 20:17:41.407 [SpringApplicationShutdownHook] [34mINFO [0;39m [35m[traceId=][0;39m o.s.b.w.e.tomcat.GracefulShutdown.shutDownGracefully - Commencing graceful shutdown. Waiting for active requests to complete
2024-05-02 20:17:41.417 [tomcat-shutdown] [34mINFO [0;39m [35m[traceId=][0;39m o.s.b.w.e.tomcat.GracefulShutdown.doShutdown - Graceful shutdown complete
2024-05-02 20:17:41.567 [SpringApplicationShutdownHook] [34mINFO [0;39m [35m[traceId=][0;39m o.s.o.j.LocalContainerEntityManagerFactoryBean.destroy - Closing JPA EntityManagerFactory for persistence unit 'default'
2024-05-02 20:17:41.571 [SpringApplicationShutdownHook] [34mINFO [0;39m [35m[traceId=][0;39m com.zaxxer.hikari.HikariDataSource.close - HikariPool-1 - Shutdown initiated...
2024-05-02 20:17:41.574 [SpringApplicationShutdownHook] [34mINFO [0;39m [35m[traceId=][0;39m com.zaxxer.hikari.HikariDataSource.close - HikariPool-1 - Shutdown completed.
2024-05-02 21:46:38.023 [background-preinit] [34mINFO [0;39m [35m[traceId=][0;39m o.h.validator.internal.util.Version.<clinit> - HV000001: Hibernate Validator 8.0.1.Final
2024-05-02 21:46:38.087 [main] [34mINFO [0;39m [35m[traceId=][0;39m m.t.my_service.UserModuleApplication.logStarting - Starting UserModuleApplication using Java 17.0.6 with PID 2520 (C:\Users\minoa\IdeaProjects\my_service\user_module\out\production\classes started by minoa in C:\Users\minoa\IdeaProjects\my_service)
2024-05-02 21:46:38.088 [main] [39mDEBUG[0;39m [35m[traceId=][0;39m m.t.my_service.UserModuleApplication.logStarting - Running with Spring Boot v3.1.5, Spring v6.0.13
2024-05-02 21:46:38.090 [main] [34mINFO [0;39m [35m[traceId=][0;39m m.t.my_service.UserModuleApplication.logStartupProfileInfo - The following 2 profiles are active: "core", "local"
2024-05-02 21:46:39.445 [main] [34mINFO [0;39m [35m[traceId=][0;39m o.s.d.r.c.RepositoryConfigurationDelegate.multipleStoresDetected - Multiple Spring Data modules found, entering strict repository configuration mode
2024-05-02 21:46:39.448 [main] [34mINFO [0;39m [35m[traceId=][0;39m o.s.d.r.c.RepositoryConfigurationDelegate.registerRepositoriesIn - Bootstrapping Spring Data JPA repositories in DEFAULT mode.
2024-05-02 21:46:39.700 [main] [34mINFO [0;39m [35m[traceId=][0;39m o.s.d.r.c.RepositoryConfigurationExtensionSupport.isStrictRepositoryCandidate - Spring Data JPA - Could not safely identify store assignment for repository candidate interface ms.toy.my_service.repository.TokenRepository; If you want this repository to be a JPA repository, consider annotating your entities with one of these annotations: jakarta.persistence.Entity, jakarta.persistence.MappedSuperclass (preferred), or consider extending one of the following types with your repository: org.springframework.data.jpa.repository.JpaRepository
2024-05-02 21:46:39.746 [main] [34mINFO [0;39m [35m[traceId=][0;39m o.s.d.r.c.RepositoryConfigurationDelegate.registerRepositoriesIn - Finished Spring Data repository scanning in 287 ms. Found 5 JPA repository interfaces.
2024-05-02 21:46:39.769 [main] [34mINFO [0;39m [35m[traceId=][0;39m o.s.d.r.c.RepositoryConfigurationDelegate.multipleStoresDetected - Multiple Spring Data modules found, entering strict repository configuration mode
2024-05-02 21:46:39.770 [main] [34mINFO [0;39m [35m[traceId=][0;39m o.s.d.r.c.RepositoryConfigurationDelegate.registerRepositoriesIn - Bootstrapping Spring Data Redis repositories in DEFAULT mode.
2024-05-02 21:46:39.789 [main] [34mINFO [0;39m [35m[traceId=][0;39m o.s.d.r.c.RepositoryConfigurationExtensionSupport.isStrictRepositoryCandidate - Spring Data Redis - Could not safely identify store assignment for repository candidate interface ms.toy.my_service.repository.AdminRepository; If you want this repository to be a Redis repository, consider annotating your entities with one of these annotations: org.springframework.data.redis.core.RedisHash (preferred), or consider extending one of the following types with your repository: org.springframework.data.keyvalue.repository.KeyValueRepository
2024-05-02 21:46:39.790 [main] [34mINFO [0;39m [35m[traceId=][0;39m o.s.d.r.c.RepositoryConfigurationExtensionSupport.isStrictRepositoryCandidate - Spring Data Redis - Could not safely identify store assignment for repository candidate interface ms.toy.my_service.repository.AuthorityRepository; If you want this repository to be a Redis repository, consider annotating your entities with one of these annotations: org.springframework.data.redis.core.RedisHash (preferred), or consider extending one of the following types with your repository: org.springframework.data.keyvalue.repository.KeyValueRepository
2024-05-02 21:46:39.790 [main] [34mINFO [0;39m [35m[traceId=][0;39m o.s.d.r.c.RepositoryConfigurationExtensionSupport.isStrictRepositoryCandidate - Spring Data Redis - Could not safely identify store assignment for repository candidate interface ms.toy.my_service.repository.ReservationRepository; If you want this repository to be a Redis repository, consider annotating your entities with one of these annotations: org.springframework.data.redis.core.RedisHash (preferred), or consider extending one of the following types with your repository: org.springframework.data.keyvalue.repository.KeyValueRepository
2024-05-02 21:46:39.791 [main] [34mINFO [0;39m [35m[traceId=][0;39m o.s.d.r.c.RepositoryConfigurationExtensionSupport.isStrictRepositoryCandidate - Spring Data Redis - Could not safely identify store assignment for repository candidate interface ms.toy.my_service.repository.SpaceRepository; If you want this repository to be a Redis repository, consider annotating your entities with one of these annotations: org.springframework.data.redis.core.RedisHash (preferred), or consider extending one of the following types with your repository: org.springframework.data.keyvalue.repository.KeyValueRepository
2024-05-02 21:46:39.793 [main] [34mINFO [0;39m [35m[traceId=][0;39m o.s.d.r.c.RepositoryConfigurationExtensionSupport.isStrictRepositoryCandidate - Spring Data Redis - Could not safely identify store assignment for repository candidate interface ms.toy.my_service.repository.UserRepository; If you want this repository to be a Redis repository, consider annotating your entities with one of these annotations: org.springframework.data.redis.core.RedisHash (preferred), or consider extending one of the following types with your repository: org.springframework.data.keyvalue.repository.KeyValueRepository
2024-05-02 21:46:39.798 [main] [34mINFO [0;39m [35m[traceId=][0;39m o.s.d.r.c.RepositoryConfigurationDelegate.registerRepositoriesIn - Finished Spring Data repository scanning in 18 ms. Found 1 Redis repository interfaces.
2024-05-02 21:46:40.960 [main] [34mINFO [0;39m [35m[traceId=][0;39m o.s.b.w.e.tomcat.TomcatWebServer.initialize - Tomcat initialized with port(s): 8180 (http)
2024-05-02 21:46:40.979 [main] [34mINFO [0;39m [35m[traceId=][0;39m o.a.coyote.http11.Http11NioProtocol.log - Initializing ProtocolHandler ["http-nio-8180"]
2024-05-02 21:46:40.983 [main] [34mINFO [0;39m [35m[traceId=][0;39m o.a.catalina.core.StandardService.log - Starting service [Tomcat]
2024-05-02 21:46:40.983 [main] [34mINFO [0;39m [35m[traceId=][0;39m o.a.catalina.core.StandardEngine.log - Starting Servlet engine: [Apache Tomcat/10.1.15]
2024-05-02 21:46:41.174 [main] [34mINFO [0;39m [35m[traceId=][0;39m o.a.c.c.C.[Tomcat].[localhost].[/].log - Initializing Spring embedded WebApplicationContext
2024-05-02 21:46:41.175 [main] [34mINFO [0;39m [35m[traceId=][0;39m o.s.b.w.s.c.ServletWebServerApplicationContext.prepareWebApplicationContext - Root WebApplicationContext: initialization completed in 3030 ms
2024-05-02 21:46:41.543 [main] [39mDEBUG[0;39m [35m[traceId=][0;39m m.t.my_service.filter.LoggingFilter.init - Filter 'loggingFilter' configured for use
2024-05-02 21:46:41.800 [main] [34mINFO [0;39m [35m[traceId=][0;39m o.h.jpa.internal.util.LogHelper.logPersistenceUnitInformation - HHH000204: Processing PersistenceUnitInfo [name: default]
2024-05-02 21:46:42.013 [main] [34mINFO [0;39m [35m[traceId=][0;39m org.hibernate.Version.logVersion - HHH000412: Hibernate ORM core version 6.2.13.Final
2024-05-02 21:46:42.021 [main] [34mINFO [0;39m [35m[traceId=][0;39m org.hibernate.cfg.Environment.<clinit> - HHH000406: Using bytecode reflection optimizer
2024-05-02 21:46:42.470 [main] [34mINFO [0;39m [35m[traceId=][0;39m o.s.o.j.p.SpringPersistenceUnitInfo.addTransformer - No LoadTimeWeaver setup: ignoring JPA class transformer
2024-05-02 21:46:42.522 [main] [34mINFO [0;39m [35m[traceId=][0;39m com.zaxxer.hikari.HikariDataSource.getConnection - HikariPool-1 - Starting...
2024-05-02 21:46:42.691 [main] [34mINFO [0;39m [35m[traceId=][0;39m com.zaxxer.hikari.pool.HikariPool.checkFailFast - HikariPool-1 - Added connection com.mysql.cj.jdbc.ConnectionImpl@2d23a5be
2024-05-02 21:46:42.693 [main] [34mINFO [0;39m [35m[traceId=][0;39m com.zaxxer.hikari.HikariDataSource.getConnection - HikariPool-1 - Start completed.
2024-05-02 21:46:42.751 [main] [31mWARN [0;39m [35m[traceId=][0;39m org.hibernate.dialect.Dialect.checkVersion - HHH000511: The 5.5.0 version for [org.hibernate.dialect.MySQLDialect] is no longer supported, hence certain features may not work properly. The minimum supported version is 5.7.0. Check the community dialects project for available legacy versions.
2024-05-02 21:46:43.700 [main] [34mINFO [0;39m [35m[traceId=][0;39m o.h.e.t.j.p.i.JtaPlatformInitiator.initiateService - HHH000489: No JTA platform available (set 'hibernate.transaction.jta.platform' to enable JTA platform integration)
2024-05-02 21:46:43.786 [main] [34mINFO [0;39m [35m[traceId=][0;39m o.s.o.j.LocalContainerEntityManagerFactoryBean.buildNativeEntityManagerFactory - Initialized JPA EntityManagerFactory for persistence unit 'default'
2024-05-02 21:46:44.962 [main] [31mWARN [0;39m [35m[traceId=][0;39m o.s.c.LocalVariableTableParameterNameDiscoverer.inspectClass - Using deprecated '-debug' fallback for parameter name resolution. Compile the affected code with '-parameters' instead or avoid its introspection: ms.toy.my_service.repository.UserRepository
2024-05-02 21:46:45.451 [main] [34mINFO [0;39m [35m[traceId=][0;39m org.redisson.Version.logVersion - Redisson 3.28.0
2024-05-02 21:46:45.506 [main] [31mWARN [0;39m [35m[traceId=][0;39m o.r.c.SequentialDnsAddressResolverFactory.create - DNS TCP fallback on UDP query timeout disabled. Upgrade Netty to 4.1.105 or higher.
2024-05-02 21:46:45.713 [redisson-netty-4-4] [34mINFO [0;39m [35m[traceId=][0;39m o.r.connection.ConnectionsHolder.lambda$initConnections$1 - 1 connections initialized for 172.30.1.14/172.30.1.14:6379
2024-05-02 21:46:45.875 [redisson-netty-4-19] [34mINFO [0;39m [35m[traceId=][0;39m o.r.connection.ConnectionsHolder.lambda$initConnections$1 - 24 connections initialized for 172.30.1.14/172.30.1.14:6379
2024-05-02 21:46:46.088 [main] [34mINFO [0;39m [35m[traceId=][0;39m o.s.d.j.r.query.QueryEnhancerFactory.<clinit> - Hibernate is in classpath; If applicable, HQL parser will be used.
2024-05-02 21:46:47.010 [main] [31mWARN [0;39m [35m[traceId=][0;39m o.s.c.LocalVariableTableParameterNameDiscoverer.inspectClass - Using deprecated '-debug' fallback for parameter name resolution. Compile the affected code with '-parameters' instead or avoid its introspection: ms.toy.my_service.repository.SpaceRepository
2024-05-02 21:46:47.306 [main] [31mWARN [0;39m [35m[traceId=][0;39m o.s.b.a.o.j.JpaBaseConfiguration$JpaWebConfiguration.openEntityManagerInViewInterceptor - spring.jpa.open-in-view is enabled by default. Therefore, database queries may be performed during view rendering. Explicitly configure spring.jpa.open-in-view to disable this warning
2024-05-02 21:46:48.096 [main] [34mINFO [0;39m [35m[traceId=][0;39m o.s.b.a.e.web.EndpointLinksResolver.<init> - Exposing 1 endpoint(s) beneath base path '/actuator'
2024-05-02 21:46:48.178 [main] [34mINFO [0;39m [35m[traceId=][0;39m o.s.s.web.DefaultSecurityFilterChain.<init> - Will secure any request with [org.springframework.security.web.session.DisableEncodeUrlFilter@41cd09da, org.springframework.security.web.context.request.async.WebAsyncManagerIntegrationFilter@1277c623, org.springframework.security.web.context.SecurityContextHolderFilter@24bff8d7, org.springframework.security.web.header.HeaderWriterFilter@5a5c0f56, org.springframework.security.web.authentication.logout.LogoutFilter@29a1c0b7, ms.toy.my_service.jwt.JwtFilter@61cc39f8, org.springframework.security.web.savedrequest.RequestCacheAwareFilter@1b572ba5, org.springframework.security.web.servletapi.SecurityContextHolderAwareRequestFilter@6f0efd55, org.springframework.security.web.authentication.AnonymousAuthenticationFilter@fbba04a, org.springframework.security.web.session.SessionManagementFilter@71ad307d, org.springframework.security.web.access.ExceptionTranslationFilter@671f78b4, org.springframework.security.web.access.intercept.AuthorizationFilter@7a612530]
2024-05-02 21:46:48.318 [main] [31mWARN [0;39m [35m[traceId=][0;39m o.s.c.LocalVariableTableParameterNameDiscoverer.inspectClass - Using deprecated '-debug' fallback for parameter name resolution. Compile the affected code with '-parameters' instead or avoid its introspection: ms.toy.my_service.repository.AdminRepository
2024-05-02 21:46:49.206 [main] [34mINFO [0;39m [35m[traceId=][0;39m o.a.coyote.http11.Http11NioProtocol.log - Starting ProtocolHandler ["http-nio-8180"]
2024-05-02 21:46:49.232 [main] [34mINFO [0;39m [35m[traceId=][0;39m o.s.b.w.e.tomcat.TomcatWebServer.start - Tomcat started on port(s): 8180 (http) with context path ''
2024-05-02 21:46:49.252 [main] [34mINFO [0;39m [35m[traceId=][0;39m m.t.my_service.UserModuleApplication.logStarted - Started UserModuleApplication in 11.771 seconds (process running for 12.21)
2024-05-02 21:47:13.098 [http-nio-8180-exec-2] [34mINFO [0;39m [35m[traceId=][0;39m o.a.c.c.C.[Tomcat].[localhost].[/].log - Initializing Spring DispatcherServlet 'dispatcherServlet'
2024-05-02 21:47:13.099 [http-nio-8180-exec-2] [34mINFO [0;39m [35m[traceId=][0;39m o.s.web.servlet.DispatcherServlet.initServletBean - Initializing Servlet 'dispatcherServlet'
2024-05-02 21:47:13.101 [http-nio-8180-exec-2] [34mINFO [0;39m [35m[traceId=][0;39m o.s.web.servlet.DispatcherServlet.initServletBean - Completed initialization in 1 ms
2024-05-02 21:47:13.232 [http-nio-8180-exec-2] [34mINFO [0;39m [35m[traceId=][0;39m ms.toy.my_service.jwt.JwtFilter.doFilterInternal - Expired accessToken
2024-05-02 21:47:13.673 [http-nio-8180-exec-2] [34mINFO [0;39m [35m[traceId=][0;39m ms.toy.my_service.jwt.JwtFilter.doFilterInternal - valid refreshToken
2024-05-02 21:47:13.792 [http-nio-8180-exec-2] [34mINFO [0;39m [35m[traceId=5e451df3-6a18-4c3d-8128-665131ef5bb5][0;39m m.t.my_service.filter.LoggingFilter.logRequest - Request: POST uri=[/api/v1/login] content-type=[application/json] client-ip=[0:0:0:0:0:0:0:1]
2024-05-02 21:47:13.794 [http-nio-8180-exec-2] [34mINFO [0;39m [35m[traceId=5e451df3-6a18-4c3d-8128-665131ef5bb5][0;39m m.t.my_service.filter.LoggingFilter.logPayload - Request Payload: {
    "userId": "4sdff",
    "password": "12345"
}
2024-05-02 21:47:14.225 [http-nio-8180-exec-2] [34mINFO [0;39m [35m[traceId=5e451df3-6a18-4c3d-8128-665131ef5bb5][0;39m m.t.my_service.filter.LoggingFilter.logPayload - Response Payload: {"result":true,"code":"200","message":"Success","data":{"accessToken":"eyJhbGciOiJIUzUxMiJ9.eyJzdWIiOiI0c2RmZiIsIm1lbWJlclNlcSI6NSwibWVtYmVyTmFtZSI6InNkZjQ1IiwiYXV0aG9yaXRpZXMiOiJST0xFX1VTRVIiLCJleHAiOjE3MTQ2NTc2MzR9.ICD7d47k1_JG57jdNQotJeZlQmv_sqjUuactqK9NRDfkDc6CY-Gusvp0--6Ph4cgiJsanWQ6R0YF8pYGiWXHHw","refreshToken":"eyJhbGciOiJIUzUxMiJ9.eyJzdWIiOiI0c2RmZiIsIm1lbWJlclNlcSI6NSwibWVtYmVyTmFtZSI6InNkZjQ1IiwiYXV0aG9yaXRpZXMiOiJST0xFX1VTRVIiLCJleHAiOjE3MTQ2NjQ4MzR9.5K25hCfgGhL5GCJ4PuI7hIXFgu3Db52rkFn3sZw1rve35N7g_aqNxzpfGkelNTFCT0yBAVp33tjJOx06q3TY1Q"}}
2024-05-02 21:55:06.225 [http-nio-8180-exec-5] [34mINFO [0;39m [35m[traceId=][0;39m ms.toy.my_service.jwt.JwtFilter.doFilterInternal - valid accessToken
2024-05-02 21:55:06.237 [http-nio-8180-exec-5] [34mINFO [0;39m [35m[traceId=e4a0bf2b-76f1-4a47-bf5c-7f24e8444377][0;39m m.t.my_service.filter.LoggingFilter.logRequest - Request: GET uri=[/api/v1/reservation/1] content-type=[null] client-ip=[0:0:0:0:0:0:0:1]
2024-05-02 21:55:11.617 [http-nio-8180-exec-6] [34mINFO [0;39m [35m[traceId=][0;39m ms.toy.my_service.jwt.JwtFilter.doFilterInternal - valid accessToken
2024-05-02 21:55:11.621 [http-nio-8180-exec-6] [34mINFO [0;39m [35m[traceId=9aa53461-73ac-467b-a99b-8d8f38ff8ccd][0;39m m.t.my_service.filter.LoggingFilter.logRequest - Request: POST uri=[/api/v1/login] content-type=[application/json] client-ip=[0:0:0:0:0:0:0:1]
2024-05-02 21:55:11.621 [http-nio-8180-exec-6] [34mINFO [0;39m [35m[traceId=9aa53461-73ac-467b-a99b-8d8f38ff8ccd][0;39m m.t.my_service.filter.LoggingFilter.logPayload - Request Payload: {
    "userId": "4sdff",
    "password": "12345"
}
2024-05-02 21:55:11.727 [http-nio-8180-exec-6] [34mINFO [0;39m [35m[traceId=9aa53461-73ac-467b-a99b-8d8f38ff8ccd][0;39m m.t.my_service.filter.LoggingFilter.logPayload - Response Payload: {"result":true,"code":"200","message":"Success","data":{"accessToken":"eyJhbGciOiJIUzUxMiJ9.eyJzdWIiOiI0c2RmZiIsIm1lbWJlclNlcSI6NSwibWVtYmVyTmFtZSI6InNkZjQ1IiwiYXV0aG9yaXRpZXMiOiJST0xFX1VTRVIiLCJleHAiOjE3MTQ2NTgxMTF9.xWl7QmXOktaEOZ4StER5GvdJ-ZMG_f__4pmlpQGqwSXbLE1Jq2HZ4kgBBUPQ_W31-7DR9emxgob9rFL5nTDKzA","refreshToken":"eyJhbGciOiJIUzUxMiJ9.eyJzdWIiOiI0c2RmZiIsIm1lbWJlclNlcSI6NSwibWVtYmVyTmFtZSI6InNkZjQ1IiwiYXV0aG9yaXRpZXMiOiJST0xFX1VTRVIiLCJleHAiOjE3MTQ2NjUzMTF9.8dmrh55zWiIMyTvepaWIpB4oYiNeZJBbu4ciHuJvGJDhNuqUV-YP-Z4v9ptrZjYorDQsb4gjp2d0yi86Tm7ESw"}}
2024-05-02 21:55:16.125 [http-nio-8180-exec-7] [34mINFO [0;39m [35m[traceId=][0;39m ms.toy.my_service.jwt.JwtFilter.doFilterInternal - valid accessToken
2024-05-02 21:55:16.130 [http-nio-8180-exec-7] [34mINFO [0;39m [35m[traceId=9a110b92-e53c-4030-a42b-917b0017f619][0;39m m.t.my_service.filter.LoggingFilter.logRequest - Request: GET uri=[/api/v1/reservation/1] content-type=[null] client-ip=[0:0:0:0:0:0:0:1]
2024-05-02 21:55:28.075 [http-nio-8180-exec-8] [34mINFO [0;39m [35m[traceId=][0;39m ms.toy.my_service.jwt.JwtFilter.doFilterInternal - valid accessToken
2024-05-02 21:55:28.080 [http-nio-8180-exec-8] [34mINFO [0;39m [35m[traceId=99da8854-02dd-403f-8bce-d5b1f2ca3960][0;39m m.t.my_service.filter.LoggingFilter.logRequest - Request: GET uri=[/api/v1/reservation] content-type=[null] client-ip=[0:0:0:0:0:0:0:1]
2024-05-02 23:23:33.418 [HikariPool-1 housekeeper] [31mWARN [0;39m [35m[traceId=][0;39m com.zaxxer.hikari.pool.HikariPool.run - HikariPool-1 - Thread starvation or clock leap detected (housekeeper delta=21m49s491ms522µs400ns).
2024-05-02 23:23:48.113 [SpringApplicationShutdownHook] [34mINFO [0;39m [35m[traceId=][0;39m o.s.b.w.e.tomcat.GracefulShutdown.shutDownGracefully - Commencing graceful shutdown. Waiting for active requests to complete
2024-05-02 23:23:48.125 [tomcat-shutdown] [34mINFO [0;39m [35m[traceId=][0;39m o.s.b.w.e.tomcat.GracefulShutdown.doShutdown - Graceful shutdown complete
2024-05-02 23:23:48.299 [SpringApplicationShutdownHook] [34mINFO [0;39m [35m[traceId=][0;39m o.s.o.j.LocalContainerEntityManagerFactoryBean.destroy - Closing JPA EntityManagerFactory for persistence unit 'default'
2024-05-02 23:23:48.302 [SpringApplicationShutdownHook] [34mINFO [0;39m [35m[traceId=][0;39m com.zaxxer.hikari.HikariDataSource.close - HikariPool-1 - Shutdown initiated...
2024-05-02 23:23:48.304 [SpringApplicationShutdownHook] [34mINFO [0;39m [35m[traceId=][0;39m com.zaxxer.hikari.HikariDataSource.close - HikariPool-1 - Shutdown completed.
